// Jest Snapshot v1, https://goo.gl/fbAQLP

exports[`busybox tests should correctly analyze a busybox image by sha256 1`] = `
Object {
  "scanResults": Array [
    Object {
      "facts": Array [
        Object {
          "data": Object {
            "graph": Object {
              "nodes": Array [
                Object {
                  "deps": Array [],
                  "nodeId": "root-node",
                  "pkgId": "docker-image|busybox@",
                },
              ],
              "rootNodeId": "root-node",
            },
            "pkgManager": Object {
              "name": "linux",
              "repositories": Array [
                Object {
                  "alias": "unknown:0.0",
                },
              ],
            },
            "pkgs": Array [
              Object {
                "id": "docker-image|busybox@",
                "info": Object {
                  "name": "docker-image|busybox",
                  "version": undefined,
                },
              },
            ],
            "schemaVersion": "1.3.0",
          },
          "type": "depGraph",
        },
        Object {
          "data": "sha256:9f00140cde00e263233ec6214cd1d8b8a0f9f92c1834d5dc842d2e184e807b29",
          "type": "imageId",
        },
        Object {
          "data": Array [
            "d24325657bb21b922a4cd584d4d665c24617cb4137f0c41967e6db61ba878ef4/layer.tar",
          ],
          "type": "imageLayers",
        },
        Object {
          "data": "2020-09-09T01:38:21.750425221Z",
          "type": "imageCreationTime",
        },
        Object {
          "data": Array [
            "sha256:e8e544649a797bb64853d4b70feaea366aedb53658277861b685dd0a3e76343a",
          ],
          "type": "rootFs",
        },
      ],
      "identity": Object {
        "args": Object {
          "platform": "linux/amd64",
        },
        "type": "linux",
      },
      "target": Object {
        "image": "docker-image|busybox",
      },
    },
  ],
}
`;
