// Jest Snapshot v1, https://goo.gl/fbAQLP

exports[`scratch tests should correctly analyze an scratch image by sha256 1`] = `
Object {
  "scanResults": Array [
    Object {
      "facts": Array [
        Object {
          "data": Object {
            "graph": Object {
              "nodes": Array [
                Object {
                  "deps": Array [],
                  "nodeId": "root-node",
                  "pkgId": "docker-image|snyk/runtime-fixtures@scratch",
                },
              ],
              "rootNodeId": "root-node",
            },
            "pkgManager": Object {
              "name": "linux",
              "repositories": Array [
                Object {
                  "alias": "unknown:0.0",
                },
              ],
            },
            "pkgs": Array [
              Object {
                "id": "docker-image|snyk/runtime-fixtures@scratch",
                "info": Object {
                  "name": "docker-image|snyk/runtime-fixtures",
                  "version": "scratch",
                },
              },
            ],
            "schemaVersion": "1.3.0",
          },
          "type": "depGraph",
        },
        Object {
          "data": "sha256:3e9c14093f51ff6402e39c4fbe3bfa08773bbc63db8bce4e948cd85f88a59f6d",
          "type": "imageId",
        },
        Object {
          "data": Array [
            "3c2c609e90eca700d5c9c39cb57b0f469bff69c08797713c7ebe56aadd57d613/layer.tar",
          ],
          "type": "imageLayers",
        },
        Object {
          "data": "2020-09-26T20:05:17.6183383Z",
          "type": "imageCreationTime",
        },
        Object {
          "data": Array [
            "sha256:030010b308e3e918de7f8e174a741c7e2f780e37e83fb529c27bcfbaceebfe45",
          ],
          "type": "rootFs",
        },
      ],
      "identity": Object {
        "args": Object {
          "platform": "linux/amd64",
        },
        "type": "linux",
      },
      "target": Object {
        "image": "docker-image|snyk/runtime-fixtures",
      },
    },
  ],
}
`;
